// Jest Snapshot v1, https://goo.gl/fbAQLP

exports[`renders correctly 1`] = `
<div
  className="makeStyles-root-1"
>
  <div
    className="MuiPaper-root MuiPaper-elevation1 makeStyles-paper-2 MuiPaper-rounded"
  >
    <div
      className="makeStyles-tableWrapper-4"
    >
      <table
        aria-label="enhanced table"
        aria-labelledby="tableTitle"
        className="MuiTable-root makeStyles-table-3"
      >
        <thead
          className="MuiTableHead-root"
        >
          <tr
            className="MuiTableRow-root MuiTableRow-head"
          >
            <th
              aria-sort={null}
              className="MuiTableCell-root MuiTableCell-head MuiTableCell-paddingCheckbox"
              scope="col"
            >
              <span
                aria-disabled={false}
                className="MuiButtonBase-root MuiIconButton-root PrivateSwitchBase-root-61 MuiCheckbox-root MuiCheckbox-colorSecondary MuiIconButton-colorSecondary"
                onBlur={[Function]}
                onDragLeave={[Function]}
                onFocus={[Function]}
                onKeyDown={[Function]}
                onKeyUp={[Function]}
                onMouseDown={[Function]}
                onMouseLeave={[Function]}
                onMouseUp={[Function]}
                onTouchEnd={[Function]}
                onTouchMove={[Function]}
                onTouchStart={[Function]}
                tabIndex={null}
              >
                <span
                  className="MuiIconButton-label"
                >
                  <input
                    checked={false}
                    className="PrivateSwitchBase-input-64"
                    data-indeterminate={false}
                    disabled={false}
                    onChange={[Function]}
                    type="checkbox"
                  />
                  <svg
                    aria-hidden="true"
                    className="MuiSvgIcon-root"
                    focusable="false"
                    role="presentation"
                    viewBox="0 0 24 24"
                  >
                    <path
                      d="M19 5v14H5V5h14m0-2H5c-1.1 0-2 .9-2 2v14c0 1.1.9 2 2 2h14c1.1 0 2-.9 2-2V5c0-1.1-.9-2-2-2z"
                    />
                  </svg>
                </span>
              </span>
            </th>
            <th
              aria-sort={null}
              className="MuiTableCell-root MuiTableCell-head"
              scope="col"
            >
              Name
            </th>
          </tr>
        </thead>
        <tbody
          className="MuiTableBody-root"
        >
          <tr
            className="MuiTableRow-root"
          >
            <td
              aria-sort={null}
              className="MuiTableCell-root MuiTableCell-body MuiTableCell-paddingCheckbox"
            >
              <span
                aria-disabled={false}
                className="MuiButtonBase-root MuiIconButton-root PrivateSwitchBase-root-61 MuiCheckbox-root MuiCheckbox-colorSecondary MuiIconButton-colorSecondary"
                onBlur={[Function]}
                onDragLeave={[Function]}
                onFocus={[Function]}
                onKeyDown={[Function]}
                onKeyUp={[Function]}
                onMouseDown={[Function]}
                onMouseLeave={[Function]}
                onMouseUp={[Function]}
                onTouchEnd={[Function]}
                onTouchMove={[Function]}
                onTouchStart={[Function]}
                tabIndex={null}
              >
                <span
                  className="MuiIconButton-label"
                >
                  <input
                    checked={false}
                    className="PrivateSwitchBase-input-64"
                    data-indeterminate={false}
                    disabled={false}
                    onChange={[Function]}
                    type="checkbox"
                  />
                  <svg
                    aria-hidden="true"
                    className="MuiSvgIcon-root"
                    focusable="false"
                    role="presentation"
                    viewBox="0 0 24 24"
                  >
                    <path
                      d="M19 5v14H5V5h14m0-2H5c-1.1 0-2 .9-2 2v14c0 1.1.9 2 2 2h14c1.1 0 2-.9 2-2V5c0-1.1-.9-2-2-2z"
                    />
                  </svg>
                </span>
              </span>
            </td>
            <th
              aria-sort={null}
              className="MuiTableCell-root MuiTableCell-body MuiTableCell-paddingNone"
              scope="row"
            >
              <a
                className="MuiTypography-root MuiLink-root MuiLink-underlineHover makeStyles-link-7 MuiTypography-colorPrimary"
                onBlur={[Function]}
                onFocus={[Function]}
              >
                Tenant Name1
              </a>
            </th>
          </tr>
          <tr
            className="MuiTableRow-root"
          >
            <td
              aria-sort={null}
              className="MuiTableCell-root MuiTableCell-body MuiTableCell-paddingCheckbox"
            >
              <span
                aria-disabled={false}
                className="MuiButtonBase-root MuiIconButton-root PrivateSwitchBase-root-61 MuiCheckbox-root MuiCheckbox-colorSecondary MuiIconButton-colorSecondary"
                onBlur={[Function]}
                onDragLeave={[Function]}
                onFocus={[Function]}
                onKeyDown={[Function]}
                onKeyUp={[Function]}
                onMouseDown={[Function]}
                onMouseLeave={[Function]}
                onMouseUp={[Function]}
                onTouchEnd={[Function]}
                onTouchMove={[Function]}
                onTouchStart={[Function]}
                tabIndex={null}
              >
                <span
                  className="MuiIconButton-label"
                >
                  <input
                    checked={false}
                    className="PrivateSwitchBase-input-64"
                    data-indeterminate={false}
                    disabled={false}
                    onChange={[Function]}
                    type="checkbox"
                  />
                  <svg
                    aria-hidden="true"
                    className="MuiSvgIcon-root"
                    focusable="false"
                    role="presentation"
                    viewBox="0 0 24 24"
                  >
                    <path
                      d="M19 5v14H5V5h14m0-2H5c-1.1 0-2 .9-2 2v14c0 1.1.9 2 2 2h14c1.1 0 2-.9 2-2V5c0-1.1-.9-2-2-2z"
                    />
                  </svg>
                </span>
              </span>
            </td>
            <th
              aria-sort={null}
              className="MuiTableCell-root MuiTableCell-body MuiTableCell-paddingNone"
              scope="row"
            >
              <a
                className="MuiTypography-root MuiLink-root MuiLink-underlineHover makeStyles-link-7 MuiTypography-colorPrimary"
                onBlur={[Function]}
                onFocus={[Function]}
              >
                Tenant Name2
              </a>
            </th>
          </tr>
          <tr
            className="MuiTableRow-root"
          >
            <td
              aria-sort={null}
              className="MuiTableCell-root MuiTableCell-body MuiTableCell-paddingCheckbox"
            >
              <span
                aria-disabled={false}
                className="MuiButtonBase-root MuiIconButton-root PrivateSwitchBase-root-61 MuiCheckbox-root MuiCheckbox-colorSecondary MuiIconButton-colorSecondary"
                onBlur={[Function]}
                onDragLeave={[Function]}
                onFocus={[Function]}
                onKeyDown={[Function]}
                onKeyUp={[Function]}
                onMouseDown={[Function]}
                onMouseLeave={[Function]}
                onMouseUp={[Function]}
                onTouchEnd={[Function]}
                onTouchMove={[Function]}
                onTouchStart={[Function]}
                tabIndex={null}
              >
                <span
                  className="MuiIconButton-label"
                >
                  <input
                    checked={false}
                    className="PrivateSwitchBase-input-64"
                    data-indeterminate={false}
                    disabled={false}
                    onChange={[Function]}
                    type="checkbox"
                  />
                  <svg
                    aria-hidden="true"
                    className="MuiSvgIcon-root"
                    focusable="false"
                    role="presentation"
                    viewBox="0 0 24 24"
                  >
                    <path
                      d="M19 5v14H5V5h14m0-2H5c-1.1 0-2 .9-2 2v14c0 1.1.9 2 2 2h14c1.1 0 2-.9 2-2V5c0-1.1-.9-2-2-2z"
                    />
                  </svg>
                </span>
              </span>
            </td>
            <th
              aria-sort={null}
              className="MuiTableCell-root MuiTableCell-body MuiTableCell-paddingNone"
              scope="row"
            >
              <a
                className="MuiTypography-root MuiLink-root MuiLink-underlineHover makeStyles-link-7 MuiTypography-colorPrimary"
                onBlur={[Function]}
                onFocus={[Function]}
              >
                Tenant Name3
              </a>
            </th>
          </tr>
        </tbody>
      </table>
    </div>
  </div>
  <button
    aria-label="add"
    className="MuiButtonBase-root MuiFab-root makeStyles-fab-6 MuiFab-primary"
    disabled={false}
    onBlur={[Function]}
    onDragLeave={[Function]}
    onFocus={[Function]}
    onKeyDown={[Function]}
    onKeyUp={[Function]}
    onMouseDown={[Function]}
    onMouseLeave={[Function]}
    onMouseUp={[Function]}
    onTouchEnd={[Function]}
    onTouchMove={[Function]}
    onTouchStart={[Function]}
    tabIndex={0}
    type="button"
  >
    <span
      className="MuiFab-label"
    >
      <svg
        aria-hidden="true"
        className="MuiSvgIcon-root"
        focusable="false"
        role="presentation"
        viewBox="0 0 24 24"
      >
        <path
          d="M19 13h-6v6h-2v-6H5v-2h6V5h2v6h6v2z"
        />
      </svg>
    </span>
  </button>
</div>
`;
